src/raceman/singleevent-mp5.xml
src/raceman/championship.xml
src/raceman/championship-supercars.xml
src/raceman/championship-mp5.xml
src/raceman/career.xml
src/raceman/career_supercars.xmls
src/raceman/career_ls1.xmls

src/drivers/usr/usr_ls2
src/drivers/usr/usr_rs

src/drivers/simplix/simplix_ls2
src/drivers/simplix/simplix_mp5

data/cars/CMakeLists.txt

data/cars/models/CMakeLists.txt

data/cars/models/mp5-fmc
data/cars/models/mp5-fmc-drift
data/cars/models/mp5-fmc-speedy

data/cars/models/rs1-citrus-cs4
data/cars/models/rs1-fmc-centre
data/cars/models/rs1-kenji-08
data/cars/models/rs2-fai-dot
data/cars/models/rs2-lion-2m

data/cars/models/ls2-bavaria-g3gtr
data/cars/models/ls2-boxer-96rsr
data/cars/models/ls2-cavallo-360r
data/cars/models/ls2-condor-c400r
data/cars/models/ls2-lynx-xkr
data/cars/models/ls2-morley-r900
data/cars/models/ls2-sprite-gts
data/cars/models/ls2-vortex-gt

data/tracks/CMakeLists.txt

data/tracks/circuit/CMakeLists.txt

data/tracks/circuit/goldstone-sand

data/tracks/road/CMakeLists.txt

data/tracks/road/e-track-2
data/tracks/road/e-track-3
data/tracks/road/e-track-4
data/tracks/road/spring
data/tracks/road/street-1
data/tracks/road/wheel-1

data/tracks/dirt/CMakeLists.txt

data/tracks/dirt/dirt-1
data/tracks/dirt/dirt-2
data/tracks/dirt/dirt-4
data/tracks/dirt/dirt-6
data/tracks/dirt/mixed-1
data/tracks/dirt/mixed-2

data/tracks/speedway/CMakeLists.txt

data/tracks/speedway/a-speedway
data/tracks/speedway/b-speedway
data/tracks/speedway/c-speedway
data/tracks/speedway/caddo
data/tracks/speedway/d-speedway
data/tracks/speedway/e-speedway
data/tracks/speedway/e-track-5
data/tracks/speedway/f-speedway
data/tracks/speedway/longpond
data/tracks/speedway/sunshine
data/tracks/speedway/tennessee
