CHANGES.txt
COPYING.txt
INSTALL.txt
README.txt
TODO.txt
credits.xml

doc/faq/faq.html
doc/userman
doc/man

CMakeLists.txt

cmake

src/CMakeLists.txt

src/drivers/CMakeLists.txt

src/drivers/usr/CMakeLists.txt
src/drivers/usr/README
src/drivers/usr/src
src/drivers/usr/usr_sc

src/drivers/simplix/CMakeLists.txt
src/drivers/simplix/src
src/drivers/simplix/simplix_sc

src/drivers/kilo2008

src/drivers/human

src/interfaces
src/libs
src/main
src/tools

src/raceman/CMakeLists.txt
src/raceman/extra
src/raceman/practice.xml
src/raceman/quickrace.xml
src/raceman/singleevent-challenge.xml
src/raceman/singleevent-endurance.xml

src/modules/CMakeLists.txt
src/modules/graphic
src/modules/networking
src/modules/simu/CMakeLists.txt
src/modules/simu/simuv2.1
src/modules/telemetry
src/modules/track
src/modules/userinterface

data/CMakeLists.txt
data/data

data/cars/CMakeLists.txt
data/cars/categories
data/cars/models/CMakeLists.txt
data/cars/models/sc-boxer-96/
data/cars/models/sc-cavallo-360
data/cars/models/sc-fmc-gt4
data/cars/models/sc-lynx-220
data/cars/models/sc-murasama-nsx
data/cars/models/sc-spirit-300

data/tracks/CMakeLists.txt
data/tracks/circuit/CMakeLists.txt
data/tracks/circuit/espie


